RANK	REFERENCE(ID)	TARGET(ID)	FORMAT	LENGTH	WEIGHTED	HAMMING-DISTANCE	DISTANCE-Z-SCORE	DISTANCE-P-VALUE	DISTANCE-Z-SCORE(RAND)	JACCARD-INDEX	JACCARD-Z-SCORE	JACCARD-P-VALUE
1	PR_00000001	PR_00000001	CSV	     5	True	   0	 -0.707	   0.2397501	 -2.2361	  1.000	  0.707	   0.6151981
2	PR_00000002	PR_00000001	CSV	    10	True	  10	  0.707	   0.7602499	  3.1623	  0.000	 -0.707	   0.9560989
